// Jest Snapshot v1, https://goo.gl/fbAQLP

exports[`Contact #showData should render the matching snapshot correctly 1`] = `
<View
  style={
    Object {
      "alignItems": "flex-end",
      "borderWidth": 0.5,
      "flex": 1,
      "flexDirection": "row",
    }
  }
>
  <Image
    source={
      Object {
        "uri": undefined,
      }
    }
    style={
      Object {
        "height": 60,
        "width": 60,
      }
    }
  />
  <Text
    accessible={true}
    allowFontScaling={true}
    ellipsizeMode="tail"
    style={
      Object {
        "fontSize": 18,
        "height": 44,
        "padding": 10,
      }
    }
  />
  <Text
    accessible={true}
    allowFontScaling={true}
    ellipsizeMode="tail"
    style={
      Object {
        "fontSize": 10,
        "height": 30,
        "padding": 5,
      }
    }
  />
</View>
`;
